\BOOKMARK [1][-]{section.1}{\376\377\000G\000i\036\333\000i\000\040\000t\000h\000i\036\307\000u}{}% 1
\BOOKMARK [2][-]{subsection.1.1}{\376\377\001\020\036\331\000n\000g\000\040\000c\001\241\000\040\000c\036\347\000a\000\040\001\021\036\301\000\040\000t\000\340\000i}{section.1}% 2
\BOOKMARK [2][-]{subsection.1.2}{\376\377\000M\036\345\000c\000\040\000t\000i\000\352\000u}{section.1}% 3
\BOOKMARK [2][-]{subsection.1.3}{\376\377\000P\000h\036\241\000m\000\040\000v\000i}{section.1}% 4
\BOOKMARK [3][-]{subsubsection.1.3.1}{\376\377\000P\000h\036\241\000m\000\040\000v\000i\000\040\000k\000h\000\364\000n\000g\000\040\000g\000i\000a\000n}{subsection.1.3}% 5
\BOOKMARK [3][-]{subsubsection.1.3.2}{\376\377\000P\000h\036\241\000m\000\040\000v\000i\000\040\000t\000h\036\335\000i\000\040\000g\000i\000a\000n}{subsection.1.3}% 6
\BOOKMARK [3][-]{subsubsection.1.3.3}{\376\377\000P\000h\036\241\000m\000\040\000v\000i\000\040\000k\036\371\000\040\000t\000h\000u\036\255\000t}{subsection.1.3}% 7
\BOOKMARK [3][-]{subsubsection.1.3.4}{\376\377\000G\000i\036\333\000i\000\040\000h\036\241\000n\000\040\000c\036\347\000a\000\040\001\021\036\301\000\040\000t\000\340\000i}{subsection.1.3}% 8
\BOOKMARK [3][-]{subsubsection.1.3.5}{\376\377\001\020\036\321\000i\000\040\000t\001\260\036\343\000n\000g\000\040\000t\000h\036\361\000c\000\040\000h\000i\036\307\000n\000\040\000v\000\340\000\040\000t\000h\036\345\000\040\000h\001\260\036\337\000n\000g}{subsection.1.3}% 9
\BOOKMARK [2][-]{subsection.1.4}{\376\377\000\335\000\040\000n\000g\000h\001\051\000a}{section.1}% 10
\BOOKMARK [3][-]{subsubsection.1.4.1}{\376\377\000\335\000\040\000n\000g\000h\001\051\000a\000\040\000t\000h\036\361\000c\000\040\000t\000i\036\305\000n}{subsection.1.4}% 11
\BOOKMARK [3][-]{subsubsection.1.4.2}{\376\377\000\335\000\040\000n\000g\000h\001\051\000a\000\040\000k\000h\000o\000a\000\040\000h\036\315\000c}{subsection.1.4}% 12
\BOOKMARK [2][-]{subsection.1.5}{\376\377\000C\036\245\000u\000\040\000t\000r\000\372\000c\000\040\000b\000\341\000o\000\040\000c\000\341\000o}{section.1}% 13
\BOOKMARK [1][-]{section.2}{\376\377\000K\000i\036\277\000n\000\040\000t\000h\036\351\000c\000\040\000v\000\340\000\040\000c\000\364\000n\000g\000\040\000n\000g\000h\036\307\000\040\000n\036\301\000n\000\040\000t\036\243\000n\000g}{}% 14
\BOOKMARK [2][-]{subsection.2.1}{\376\377\000T\036\325\000n\000g\000\040\000q\000u\000a\000n\000\040\000v\036\301\000\040\000p\000h\000\342\000n\000\040\000t\000\355\000c\000h\000\040\000t\001\260\001\241\000n\000g\000\040\000q\000u\000a\000n\000\040\000g\000i\000a\000o\000\040\000t\000h\000\364\000n\000g\000\040\001\021\000\364\000\040\000t\000h\036\313}{section.2}% 15
\BOOKMARK [3][-]{subsubsection.2.1.1}{\376\377\001\020\036\267\000c\000\040\001\021\000i\036\303\000m\000\040\000g\000i\000a\000o\000\040\000t\000h\000\364\000n\000g\000\040\001\021\000\364\000\040\000t\000h\036\313\000\040\000v\000\340\000\040\000c\000\341\000c\000\040\000t\000h\000\341\000c\000h\000\040\000t\000h\036\351\000c}{subsection.2.1}% 16
\BOOKMARK [0][-]{subsubsubsection.2.1.1.1}{\376\377\001\020\036\267\000c\000\040\001\021\000i\036\303\000m\000\040\000g\000i\000a\000o\000\040\000t\000h\000\364\000n\000g\000\040\000t\036\241\000i\000\040\000T\000P\000.\000H\000C\000M}{}% 17
\BOOKMARK [0][-]{subsubsubsection.2.1.1.2}{\376\377\000H\000i\036\307\000n\000\040\000t\001\260\036\343\000n\000g\000\040\000l\000a\000n\000\040\000t\000r\000u\000y\036\301\000n\000\040\000t\036\257\000c\000\040\000n\000g\000h\036\275\000n}{}% 18
\BOOKMARK [1][-]{subsubsection.2.1.2}{\376\377\000P\000h\000\342\000n\000\040\000t\000\355\000c\000h\000\040\000t\001\260\001\241\000n\000g\000\040\000q\000u\000a\000n\000\040\000k\000h\000\364\000n\000g\000\040\000g\000i\000a\000n\040\023\000t\000h\036\335\000i\000\040\000g\000i\000a\000n}{subsubsubsection.2.1.1.2}% 19
\BOOKMARK [0][-]{subsubsubsection.2.1.2.1}{\376\377\000T\001\260\001\241\000n\000g\000\040\000q\000u\000a\000n\000\040\000k\000h\000\364\000n\000g\000\040\000g\000i\000a\000n\000\040\000\050\000S\000p\000a\000t\000i\000a\000l\000\040\000D\000e\000p\000e\000n\000d\000e\000n\000c\000e\000\051}{}% 20
\BOOKMARK [0][-]{subsubsubsection.2.1.2.2}{\376\377\000T\001\260\001\241\000n\000g\000\040\000q\000u\000a\000n\000\040\000t\000h\036\335\000i\000\040\000g\000i\000a\000n\000\040\000\050\000T\000e\000m\000p\000o\000r\000a\000l\000\040\000D\000e\000p\000e\000n\000d\000e\000n\000c\000e\000\051}{}% 21
\BOOKMARK [0][-]{subsubsubsection.2.1.2.3}{\376\377\000M\000\364\000\040\000h\000\354\000n\000h\000\040\000h\000\363\000a\000\040\000t\001\260\001\241\000n\000g\000\040\000q\000u\000a\000n\000\040\001\021\036\331\000n\000g}{}% 22
\BOOKMARK [1][-]{subsection.2.2}{\376\377\000L\000\375\000\040\000t\000h\000u\000y\036\277\000t\000\040\001\021\036\323\000\040\000t\000h\036\313\000\040\000v\000\340\000\040\000G\000r\000a\000p\000h\000\040\000N\000e\000u\000r\000a\000l\000\040\000N\000e\000t\000w\000o\000r\000k\000s}{subsubsubsection.2.1.2.3}% 23
\BOOKMARK [2][-]{subsubsection.2.2.1}{\376\377\000B\000i\036\303\000u\000\040\000d\000i\036\305\000n\000\040\000m\036\241\000n\000g\000\040\000g\000i\000a\000o\000\040\000t\000h\000\364\000n\000g\000\040\000d\001\260\036\333\000i\000\040\000d\036\241\000n\000g\000\040\001\021\036\323\000\040\000t\000h\036\313}{subsection.2.2}% 24
\BOOKMARK [0][-]{subsubsubsection.2.2.1.1}{\376\377\001\020\036\313\000n\000h\000\040\000n\000g\000h\001\051\000a\000\040\001\021\036\323\000\040\000t\000h\036\313\000\040\000g\000i\000a\000o\000\040\000t\000h\000\364\000n\000g}{}% 25
\BOOKMARK [0][-]{subsubsubsection.2.2.1.2}{\376\377\001\020\036\267\000c\000\040\000t\000r\001\260\000n\000g\000\040\000n\000\372\000t\000\040\000v\000\340\000\040\000c\036\241\000n\000h}{}% 26
\BOOKMARK [1][-]{subsubsection.2.2.2}{\376\377\000G\000r\000a\000p\000h\000\040\000C\000o\000n\000v\000o\000l\000u\000t\000i\000o\000n\000a\000l\000\040\000N\000e\000t\000w\000o\000r\000k\000s\000\040\000\050\000G\000C\000N\000\051}{subsubsubsection.2.2.1.2}% 27
\BOOKMARK [0][-]{subsubsubsection.2.2.2.1}{\376\377\000P\000h\000\351\000p\000\040\000t\000\355\000c\000h\000\040\000c\000h\036\255\000p\000\040\000t\000r\000\352\000n\000\040\001\021\036\323\000\040\000t\000h\036\313}{}% 28
\BOOKMARK [0][-]{subsubsubsection.2.2.2.2}{\376\377\000T\000\355\000n\000h\000\040\000c\000h\036\245\000t\000\040\000v\000\340\000\040\001\260\000u\000\040\001\021\000i\036\303\000m\000\040\000c\036\347\000a\000\040\000G\000C\000N}{}% 29
\BOOKMARK [1][-]{subsubsection.2.2.3}{\376\377\000G\000r\000a\000p\000h\000\040\000A\000t\000t\000e\000n\000t\000i\000o\000n\000\040\000N\000e\000t\000w\000o\000r\000k\000s\000\040\000\050\000G\000A\000T\000\051}{subsubsubsection.2.2.2.2}% 30
\BOOKMARK [0][-]{subsubsubsection.2.2.3.1}{\376\377\000M\000u\000l\000t\000i\000-\000h\000e\000a\000d\000\040\000A\000t\000t\000e\000n\000t\000i\000o\000n}{}% 31
\BOOKMARK [1][-]{subsection.2.3}{\376\377\000M\000\364\000\040\000h\000\354\000n\000h\000\040\000h\036\315\000c\000\040\000c\000h\000u\036\327\000i\000\040\000t\000h\036\335\000i\000\040\000g\000i\000a\000n}{subsubsubsection.2.2.3.1}% 32
\BOOKMARK [2][-]{subsubsection.2.3.1}{\376\377\000R\000e\000c\000u\000r\000r\000e\000n\000t\000\040\000N\000e\000u\000r\000a\000l\000\040\000N\000e\000t\000w\000o\000r\000k\000s\000\040\000\050\000R\000N\000N\000\051}{subsection.2.3}% 33
\BOOKMARK [0][-]{subsubsubsection.2.3.1.1}{\376\377\000K\000i\036\277\000n\000\040\000t\000r\000\372\000c\000\040\000R\000N\000N\000\040\000c\001\241\000\040\000b\036\243\000n}{}% 34
\BOOKMARK [0][-]{subsubsubsection.2.3.1.2}{\376\377\000V\036\245\000n\000\040\001\021\036\301\000\040\000V\000a\000n\000i\000s\000h\000i\000n\000g\000/\000E\000x\000p\000l\000o\000d\000i\000n\000g\000\040\000G\000r\000a\000d\000i\000e\000n\000t\000s}{}% 35
\BOOKMARK [1][-]{subsubsection.2.3.2}{\376\377\000L\000o\000n\000g\000\040\000S\000h\000o\000r\000t\000-\000T\000e\000r\000m\000\040\000M\000e\000m\000o\000r\000y\000\040\000\050\000L\000S\000T\000M\000\051}{subsubsubsection.2.3.1.2}% 36
\BOOKMARK [0][-]{subsubsubsection.2.3.2.1}{\376\377\000K\000i\036\277\000n\000\040\000t\000r\000\372\000c\000\040\000L\000S\000T\000M}{}% 37
\BOOKMARK [1][-]{subsubsection.2.3.3}{\376\377\000G\000a\000t\000e\000d\000\040\000R\000e\000c\000u\000r\000r\000e\000n\000t\000\040\000U\000n\000i\000t\000\040\000\050\000G\000R\000U\000\051}{subsubsubsection.2.3.2.1}% 38
\BOOKMARK [0][-]{subsubsubsection.2.3.3.1}{\376\377\000K\000i\036\277\000n\000\040\000t\000r\000\372\000c\000\040\000G\000R\000U}{}% 39
\BOOKMARK [1][-]{subsubsection.2.3.4}{\376\377\000S\000o\000\040\000s\000\341\000n\000h\000\040\000L\000S\000T\000M\000\040\000v\000\340\000\040\000G\000R\000U}{subsubsubsection.2.3.3.1}% 40
\BOOKMARK [2][-]{subsection.2.4}{\376\377\000M\000\364\000\040\000h\000\354\000n\000h\000\040\000T\000r\000a\000n\000s\000f\000o\000r\000m\000e\000r\000\040\000v\000\340\000\040\000B\000E\000R\000T}{subsubsection.2.3.4}% 41
\BOOKMARK [3][-]{subsubsection.2.4.1}{\376\377\000K\000i\036\277\000n\000\040\000t\000r\000\372\000c\000\040\000T\000r\000a\000n\000s\000f\000o\000r\000m\000e\000r}{subsection.2.4}% 42
\BOOKMARK [0][-]{subsubsubsection.2.4.1.1}{\376\377\000C\001\241\000\040\000c\000h\036\277\000\040\000S\000e\000l\000f\000-\000A\000t\000t\000e\000n\000t\000i\000o\000n}{}% 43
\BOOKMARK [0][-]{subsubsubsection.2.4.1.2}{\376\377\000M\000u\000l\000t\000i\000-\000H\000e\000a\000d\000\040\000A\000t\000t\000e\000n\000t\000i\000o\000n}{}% 44
\BOOKMARK [0][-]{subsubsubsection.2.4.1.3}{\376\377\000P\000o\000s\000i\000t\000i\000o\000n\000a\000l\000\040\000E\000n\000c\000o\000d\000i\000n\000g}{}% 45
\BOOKMARK [1][-]{subsubsection.2.4.2}{\376\377\000B\000E\000R\000T\000:\000\040\000B\000i\000d\000i\000r\000e\000c\000t\000i\000o\000n\000a\000l\000\040\000E\000n\000c\000o\000d\000e\000r\000\040\000R\000e\000p\000r\000e\000s\000e\000n\000t\000a\000t\000i\000o\000n\000s\000\040\000f\000r\000o\000m\000\040\000T\000r\000a\000n\000s\000f\000o\000r\000m\000e\000r\000s}{subsubsubsection.2.4.1.3}% 46
\BOOKMARK [0][-]{subsubsubsection.2.4.2.1}{\376\377\000K\000i\036\277\000n\000\040\000t\000r\000\372\000c\000\040\000B\000E\000R\000T}{}% 47
\BOOKMARK [0][-]{subsubsubsection.2.4.2.2}{\376\377\000C\000h\000i\036\277\000n\000\040\000l\001\260\036\343\000c\000\040\000P\000r\000e\000-\000t\000r\000a\000i\000n\000i\000n\000g\000\040\000c\036\347\000a\000\040\000B\000E\000R\000T}{}% 48
\BOOKMARK [0][-]{subsubsubsection.2.4.2.3}{\376\377\000F\000i\000n\000e\000-\000t\000u\000n\000i\000n\000g\000\040\000B\000E\000R\000T}{}% 49
\BOOKMARK [1][-]{subsubsection.2.4.3}{\376\377\001\257\000u\000\040\001\021\000i\036\303\000m\000\040\000c\036\347\000a\000\040\000B\000E\000R\000T\000\040\000t\000r\000o\000n\000g\000\040\000p\000h\000\342\000n\000\040\000t\000\355\000c\000h\000\040\000c\000h\000u\036\327\000i\000\040\000t\000h\036\335\000i\000\040\000g\000i\000a\000n}{subsubsubsection.2.4.2.3}% 50
\BOOKMARK [2][-]{subsubsection.2.4.4}{\376\377\000\301\000p\000\040\000d\036\345\000n\000g\000\040\000B\000E\000R\000T\000\040\000c\000h\000o\000\040\000d\036\357\000\040\000l\000i\036\307\000u\000\040\000g\000i\000a\000o\000\040\000t\000h\000\364\000n\000g}{subsubsection.2.4.3}% 51
\BOOKMARK [0][-]{subsubsubsection.2.4.4.1}{\376\377\000T\000o\000k\000e\000n\000i\000z\000a\000t\000i\000o\000n\000\040\000c\000h\000o\000\040\000c\000h\000u\036\327\000i\000\040\000t\000h\036\335\000i\000\040\000g\000i\000a\000n}{}% 52
\BOOKMARK [0][-]{subsubsubsection.2.4.4.2}{\376\377\000S\000p\000a\000t\000i\000a\000l\000-\000T\000e\000m\000p\000o\000r\000a\000l\000\040\000B\000E\000R\000T}{}% 53
\BOOKMARK [0][-]{subsubsubsection.2.4.4.3}{\376\377\000B\000E\000R\000T\000-\000G\000N\000N\000\040\000H\000y\000b\000r\000i\000d\000\040\000M\000o\000d\000e\000l}{}% 54
\BOOKMARK [1][-]{subsubsection.2.4.5}{\376\377\000S\000o\000\040\000s\000\341\000n\000h\000\040\000B\000E\000R\000T\000\040\000v\036\333\000i\000\040\000c\000\341\000c\000\040\000p\000h\001\260\001\241\000n\000g\000\040\000p\000h\000\341\000p\000\040\000k\000h\000\341\000c}{subsubsubsection.2.4.4.3}% 55
\BOOKMARK [2][-]{subsection.2.5}{\376\377\000C\000\364\000n\000g\000\040\000n\000g\000h\036\307\000\040\000n\036\301\000n\000\040\000t\036\243\000n\000g\000\040\000v\000\340\000\040\000f\000r\000a\000m\000e\000w\000o\000r\000k}{subsubsection.2.4.5}% 56
\BOOKMARK [3][-]{subsubsection.2.5.1}{\376\377\000P\000y\000t\000h\000o\000n\000\040\000v\000\340\000\040\000h\036\307\000\040\000s\000i\000n\000h\000\040\000t\000h\000\341\000i\000\040\000D\000e\000e\000p\000\040\000L\000e\000a\000r\000n\000i\000n\000g}{subsection.2.5}% 57
\BOOKMARK [0][-]{subsubsubsection.2.5.1.1}{\376\377\000P\000y\000t\000h\000o\000n\000\040\000t\000r\000o\000n\000g\000\040\000p\000h\000\342\000n\000\040\000t\000\355\000c\000h\000\040\000d\036\357\000\040\000l\000i\036\307\000u\000\040\000v\000\340\000\040\000A\000I}{}% 58
\BOOKMARK [0][-]{subsubsubsection.2.5.1.2}{\376\377\000P\000y\000T\000o\000r\000c\000h}{}% 59
\BOOKMARK [1][-]{subsubsection.2.5.2}{\376\377\000K\000i\036\277\000n\000\040\000t\000r\000\372\000c\000\040\000K\000a\000p\000p\000a\000\040\000c\000h\000o\000\040\000x\036\355\000\040\000l\000\375\000\040\000d\036\357\000\040\000l\000i\036\307\000u\000\040\000s\000t\000r\000e\000a\000m\000i\000n\000g}{subsubsubsection.2.5.1.2}% 60
\BOOKMARK [0][-]{subsubsubsection.2.5.2.1}{\376\377\000T\036\325\000n\000g\000\040\000q\000u\000a\000n\000\040\000v\036\301\000\040\000K\000a\000p\000p\000a\000\040\000A\000r\000c\000h\000i\000t\000e\000c\000t\000u\000r\000e}{}% 61
\BOOKMARK [0][-]{subsubsubsection.2.5.2.2}{\376\377\000A\000p\000a\000c\000h\000e\000\040\000K\000a\000f\000k\000a\000\040\000l\000\340\000m\000\040\000b\000a\000c\000k\000b\000o\000n\000e}{}% 62
\BOOKMARK [0][-]{subsubsubsection.2.5.2.3}{\376\377\000S\000o\000\040\000s\000\341\000n\000h\000\040\000K\000a\000p\000p\000a\000\040\000v\036\333\000i\000\040\000L\000a\000m\000b\000d\000a\000\040\000A\000r\000c\000h\000i\000t\000e\000c\000t\000u\000r\000e}{}% 63
\BOOKMARK [0][-]{subsubsubsection.2.5.2.4}{\376\377\036\350\000n\000g\000\040\000d\036\345\000n\000g\000\040\000K\000a\000p\000p\000a\000\040\000t\000r\000o\000n\000g\000\040\000h\036\307\000\040\000t\000h\036\321\000n\000g\000\040\000g\000i\000a\000o\000\040\000t\000h\000\364\000n\000g}{}% 64
\BOOKMARK [1][-]{subsubsection.2.5.3}{\376\377\000T\000o\000m\000T\000o\000m\000\040\000H\000i\000s\000t\000o\000r\000i\000c\000a\000l\000\040\000T\000r\000a\000f\000f\000i\000c\000\040\000S\000t\000a\000t\000s\000\040\000A\000P\000I}{subsubsubsection.2.5.2.4}% 65
\BOOKMARK [2][-]{subsubsection.2.5.4}{\376\377\000C\001\241\000\040\000s\036\337\000\040\000d\036\357\000\040\000l\000i\036\307\000u\000\040\000v\000\340\000\040\000l\001\260\000u\000\040\000t\000r\036\357}{subsubsection.2.5.3}% 66
\BOOKMARK [0][-]{subsubsubsection.2.5.4.1}{\376\377\000L\001\260\000u\000\040\000t\000r\036\357\000\040\000d\036\357\000\040\000l\000i\036\307\000u\000\040\000d\036\241\000n\000g\000\040\000c\036\331\000t\000\040\000v\036\333\000i\000\040\000A\000p\000a\000c\000h\000e\000\040\000P\000a\000r\000q\000u\000e\000t}{}% 67
\BOOKMARK [0][-]{subsubsubsection.2.5.4.2}{\376\377\036\350\000n\000g\000\040\000d\036\345\000n\000g\000\040\000P\000a\000r\000q\000u\000e\000t\000\040\000t\000r\000o\000n\000g\000\040\000h\036\307\000\040\000t\000h\036\321\000n\000g\000\040\000g\000i\000a\000o\000\040\000t\000h\000\364\000n\000g}{}% 68
\BOOKMARK [1][-]{subsubsection.2.5.5}{\376\377\000A\000P\000I\000\040\000v\000\340\000\040\000W\000e\000b\000\040\000D\000e\000v\000e\000l\000o\000p\000m\000e\000n\000t\000\040\000S\000t\000a\000c\000k}{subsubsubsection.2.5.4.2}% 69
\BOOKMARK [0][-]{subsubsubsection.2.5.5.1}{\376\377\000F\000a\000s\000t\000A\000P\000I}{}% 70
\BOOKMARK [0][-]{subsubsubsection.2.5.5.2}{\376\377\000S\000t\000r\000e\000a\000m\000l\000i\000t}{}% 71
\BOOKMARK [1][-]{subsubsection.2.5.6}{\376\377\000C\000o\000n\000t\000a\000i\000n\000e\000r\000i\000z\000a\000t\000i\000o\000n\000\040\000v\000\340\000\040\000O\000r\000c\000h\000e\000s\000t\000r\000a\000t\000i\000o\000n}{subsubsubsection.2.5.5.2}% 72
\BOOKMARK [0][-]{subsubsubsection.2.5.6.1}{\376\377\000D\000o\000c\000k\000e\000r}{}% 73
\BOOKMARK [0][-]{subsubsubsection.2.5.6.2}{\376\377\000K\000u\000b\000e\000r\000n\000e\000t\000e\000s}{}% 74
\BOOKMARK [1][-]{subsection.2.6}{\376\377\000T\000\363\000m\000\040\000t\036\257\000t\000\040\000s\000t\000a\000c\000k\000\040\000c\000\364\000n\000g\000\040\000n\000g\000h\036\307}{subsubsubsection.2.5.6.2}% 75
\BOOKMARK [2][-]{subsection.2.7}{\376\377\000K\036\277\000t\000\040\000c\000h\001\260\001\241\000n\000g}{subsection.2.6}% 76
\BOOKMARK [1][-]{section.3}{\376\377\000C\000\364\000n\000g\000\040\000t\000r\000\354\000n\000h\000\040\000l\000i\000\352\000n\000\040\000q\000u\000a\000n}{subsubsubsection.2.5.6.2}% 77
\BOOKMARK [2][-]{subsection.3.1}{\376\377\000C\000\341\000c\000\040\000n\000g\000h\000i\000\352\000n\000\040\000c\036\351\000u\000\040\000l\000i\000\352\000n\000\040\000q\000u\000a\000n}{section.3}% 78
\BOOKMARK [3][-]{subsubsection.3.1.1}{\376\377\000M\000\364\000\040\000h\000\354\000n\000h\000\040\000h\000\363\000a\000\040\000c\001\241\000\040\000c\000h\036\277\000\040\000l\000a\000n\000\040\000t\000r\000u\000y\036\301\000n\000\040\000t\036\257\000c\000\040\000n\000g\000h\036\275\000n\000\040\000g\000i\000a\000o\000\040\000t\000h\000\364\000n\000g}{subsection.3.1}% 79
\BOOKMARK [0][-]{subsubsubsection.3.1.1.1}{\376\377\000M\000\364\000\040\000h\000\354\000n\000h\000\040\000l\000a\000n\000\040\000t\000r\000u\000y\036\301\000n\000\040\000d\036\241\000n\000g\000\040\000s\000\363\000n\000g}{}% 80
\BOOKMARK [0][-]{subsubsubsection.3.1.1.2}{\376\377\000M\000\364\000\040\000h\000\354\000n\000h\000\040\000l\000\342\000y\000\040\000l\000a\000n\000\040\000v\000\340\000\040\000q\000u\000\341\000\040\000t\000r\000\354\000n\000h\000\040\000l\000a\000n\000\040\000t\000r\000u\000y\036\301\000n}{}% 81
\BOOKMARK [0][-]{subsubsubsection.3.1.1.3}{\376\377\000X\000\341\000c\000\040\001\021\036\313\000n\000h\000\040\000t\000u\000y\036\277\000n\000\040\000v\000\340\000\040\000n\000\372\000t\000\040\036\243\000n\000h\000\040\000h\001\260\036\337\000n\000g}{}% 82
\BOOKMARK [1][-]{subsection.3.2}{\376\377\000C\000\341\000c\000\040\000m\000\364\000\040\000h\000\354\000n\000h\000\040\000h\036\315\000c\000\040\000s\000\342\000u\000\040\000t\000r\000\352\000n\000\040\001\021\036\323\000\040\000t\000h\036\313\000\040\000g\000i\000a\000o\000\040\000t\000h\000\364\000n\000g}{subsubsubsection.3.1.1.3}% 83
\BOOKMARK [2][-]{subsubsection.3.2.1}{\376\377\001\020\036\323\000\040\000t\000h\036\313\000\040\000t\001\051\000n\000h\000\040\000v\000\340\000\040\000c\000\341\000c\000\040\000m\000\364\000\040\000h\000\354\000n\000h\000\040\000G\000C\000N\000\040\000t\000r\000u\000y\036\301\000n\000\040\000t\000h\036\321\000n\000g}{subsection.3.2}% 84
\BOOKMARK [3][-]{subsubsection.3.2.2}{\376\377\000H\036\315\000c\000\040\000q\000u\000a\000n\000\040\000h\036\307\000\040\001\021\036\331\000n\000g\000\040\000v\000\340\000\040\000A\000t\000t\000e\000n\000t\000i\000o\000n\000\040\000t\000r\000\352\000n\000\040\001\021\036\323\000\040\000t\000h\036\313}{subsubsection.3.2.1}% 85
\BOOKMARK [3][-]{subsubsection.3.2.3}{\376\377\000T\000r\000a\000n\000s\000f\000o\000r\000m\000e\000r\000\040\000c\000h\000o\000\040\000b\000i\036\303\000u\000\040\000d\000i\036\305\000n\000\040\001\021\036\323\000\040\000t\000h\036\313}{subsubsection.3.2.1}% 86
\BOOKMARK [2][-]{subsection.3.3}{\376\377\000C\000\341\000c\000\040\000h\036\307\000\040\000t\000h\036\321\000n\000g\000\040\000v\000\340\000\040\000n\036\301\000n\000\040\000t\036\243\000n\000g\000\040\000g\000i\000a\000o\000\040\000t\000h\000\364\000n\000g\000\040\000t\000h\036\361\000c\000\040\000t\036\277}{subsection.3.2}% 87
\BOOKMARK [2][-]{subsection.3.4}{\376\377\000K\000h\000o\036\243\000n\000g\000\040\000t\000r\036\321\000n\000g\000\040\000n\000g\000h\000i\000\352\000n\000\040\000c\036\351\000u}{subsection.3.2}% 88
\BOOKMARK [1][-]{section.4}{\376\377\000P\000h\001\260\001\241\000n\000g\000\040\000p\000h\000\341\000p\000\040\001\021\036\301\000\040\000x\000u\036\245\000t}{subsubsubsection.3.1.1.3}% 89
\BOOKMARK [2][-]{subsection.4.1}{\376\377\000T\036\325\000n\000g\000\040\000q\000u\000a\000n\000\040\000p\000h\001\260\001\241\000n\000g\000\040\000p\000h\000\341\000p\000\040\000v\000\340\000\040\001\021\036\331\000n\000g\000\040\000c\001\241\000\040\000l\036\361\000a\000\040\000c\000h\036\315\000n\000\040\000m\000\364\000\040\000h\000\354\000n\000h}{section.4}% 90
\BOOKMARK [3][-]{subsubsection.4.1.1}{\376\377\001\020\036\313\000n\000h\000\040\000h\001\260\036\333\000n\000g\000\040\000g\000i\036\243\000i\000\040\000p\000h\000\341\000p}{subsection.4.1}% 91
\BOOKMARK [3][-]{subsubsection.4.1.2}{\376\377\000Q\000u\000y\000\040\000t\000r\000\354\000n\000h\000\040\000x\036\355\000\040\000l\000\375\000\040\000c\000h\000\355\000n\000h}{subsection.4.1}% 92
\BOOKMARK [2][-]{subsection.4.2}{\376\377\000T\000h\000u\000\040\000t\000h\036\255\000p\000\040\000v\000\340\000\040\000c\000h\000u\036\251\000n\000\040\000b\036\313\000\040\000d\036\357\000\040\000l\000i\036\307\000u}{section.4}% 93
\BOOKMARK [3][-]{subsubsection.4.2.1}{\376\377\000N\000g\000u\036\323\000n\000\040\000d\036\357\000\040\000l\000i\036\307\000u\000:\000\040\000T\000o\000m\000T\000o\000m\000\040\000H\000i\000s\000t\000o\000r\000i\000c\000a\000l\000\040\000T\000r\000a\000f\000f\000i\000c\000\040\000S\000t\000a\000t\000s}{subsection.4.2}% 94
\BOOKMARK [0][-]{subsubsubsection.4.2.1.1}{\376\377\000L\000\375\000\040\000d\000o\000\040\000l\036\361\000a\000\040\000c\000h\036\315\000n\000\040\000T\000o\000m\000T\000o\000m\000\040\000A\000P\000I}{}% 95
\BOOKMARK [0][-]{subsubsubsection.4.2.1.2}{\376\377\000C\036\245\000u\000\040\000t\000r\000\372\000c\000\040\000d\036\357\000\040\000l\000i\036\307\000u\000\040\000T\000o\000m\000T\000o\000m}{}% 96
\BOOKMARK [1][-]{subsubsection.4.2.2}{\376\377\000L\036\361\000a\000\040\000c\000h\036\315\000n\000\040\000k\000h\000u\000\040\000v\036\361\000c\000\040\000n\000g\000h\000i\000\352\000n\000\040\000c\036\351\000u}{subsubsubsection.4.2.1.2}% 97
\BOOKMARK [0][-]{subsubsubsection.4.2.2.1}{\376\377\000T\000i\000\352\000u\000\040\000c\000h\000\355\000\040\000l\036\361\000a\000\040\000c\000h\036\315\000n}{}% 98
\BOOKMARK [0][-]{subsubsubsection.4.2.2.2}{\376\377\000K\000h\000u\000\040\000v\036\361\000c\000\040\001\021\001\260\036\343\000c\000\040\000c\000h\036\315\000n}{}% 99
\BOOKMARK [1][-]{subsubsection.4.2.3}{\376\377\000Q\000u\000y\000\040\000t\000r\000\354\000n\000h\000\040\000t\000h\000u\000\040\000t\000h\036\255\000p\000\040\000d\036\357\000\040\000l\000i\036\307\000u}{subsubsubsection.4.2.2.2}% 100
\BOOKMARK [0][-]{subsubsubsection.4.2.3.1}{\376\377\000K\000i\036\277\000n\000\040\000t\000r\000\372\000c\000\040\000D\000a\000t\000a\000\040\000P\000i\000p\000e\000l\000i\000n\000e}{}% 101
\BOOKMARK [0][-]{subsubsubsection.4.2.3.2}{\376\377\000C\000\341\000c\000\040\000b\001\260\036\333\000c\000\040\000t\000h\000u\000\040\000t\000h\036\255\000p}{}% 102
\BOOKMARK [0][-]{subsubsubsection.4.2.3.3}{\376\377\000E\000r\000r\000o\000r\000\040\000H\000a\000n\000d\000l\000i\000n\000g\000\040\000v\000\340\000\040\000R\000e\000t\000r\000y\000\040\000S\000t\000r\000a\000t\000e\000g\000y}{}% 103
\BOOKMARK [0][-]{subsubsubsection.4.2.3.4}{\376\377\000T\036\321\000i\000\040\001\260\000u\000\040\000h\000\363\000a\000\040\000h\000i\036\307\000u\000\040\000s\000u\036\245\000t}{}% 104
\BOOKMARK [1][-]{subsubsection.4.2.4}{\376\377\000T\000i\036\301\000n\000\040\000x\036\355\000\040\000l\000\375\000\040\000d\036\357\000\040\000l\000i\036\307\000u}{subsubsubsection.4.2.3.4}% 105
\BOOKMARK [0][-]{subsubsubsection.4.2.4.1}{\376\377\000X\036\355\000\040\000l\000\375\000\040\000m\000i\000s\000s\000i\000n\000g\000\040\000v\000a\000l\000u\000e\000s}{}% 106
\BOOKMARK [0][-]{subsubsubsection.4.2.4.2}{\376\377\000O\000u\000t\000l\000i\000e\000r\000\040\000d\000e\000t\000e\000c\000t\000i\000o\000n\000\040\000v\000\340\000\040\000x\036\355\000\040\000l\000\375}{}% 107
\BOOKMARK [0][-]{subsubsubsection.4.2.4.3}{\376\377\000D\000a\000t\000a\000\040\000v\000a\000l\000i\000d\000a\000t\000i\000o\000n}{}% 108
\BOOKMARK [0][-]{subsubsubsection.4.2.4.4}{\376\377\000C\000o\000n\000v\000e\000r\000s\000i\000o\000n\000\040\000v\000\340\000\040\000c\000h\000u\036\251\000n\000\040\000h\000\363\000a\000\040\001\021\001\241\000n\000\040\000v\036\313}{}% 109
\BOOKMARK [0][-]{subsubsubsection.4.2.4.5}{\376\377\000L\001\260\000u\000\040\000t\000r\036\357\000\040\000t\000r\000u\000n\000g\000\040\000g\000i\000a\000n}{}% 110
\BOOKMARK [1][-]{subsubsection.4.2.5}{\376\377\000P\000i\000p\000e\000l\000i\000n\000e\000\040\000t\000\355\000c\000h\000\040\000h\036\343\000p}{subsubsubsection.4.2.4.5}% 111
\BOOKMARK [2][-]{subsection.4.3}{\376\377\000M\036\321\000i\000\040\000t\001\260\001\241\000n\000g\000\040\000q\000u\000a\000n\000\040\000g\000i\036\357\000a\000\040\000c\000\341\000c\000\040\000t\000u\000y\036\277\000n\000\040\000t\000r\000o\000n\000g\000\040\000g\000i\000a\000o\000\040\000t\000h\000\364\000n\000g\000\040\001\021\036\323\000\040\000t\000h\036\313}{subsubsection.4.2.5}% 112
\BOOKMARK [2][-]{subsection.4.4}{\376\377\000X\000\342\000y\000\040\000d\036\361\000n\000g\000\040\000v\000\371\000n\000g\000\040\000g\000i\000a\000o\000\040\000t\000h\000\364\000n\000g\000\040\001\021\036\331\000n\000g}{subsubsection.4.2.5}% 113
\BOOKMARK [3][-]{subsubsection.4.4.1}{\376\377\000P\000h\000\341\000t\000\040\000h\000i\036\307\000n\000\040\000c\036\345\000m\000\040\000\371\000n\000\040\000t\036\257\000c\000\040\000t\000h\000e\000o\000\040\000s\000n\000a\000p\000s\000h\000o\000t}{subsection.4.4}% 114
\BOOKMARK [3][-]{subsubsection.4.4.2}{\376\377\000C\000h\000i\036\277\000n\000\040\000l\001\260\036\343\000c\000\040\000c\000h\036\315\000n\000\040\000s\000e\000e\000d\000\040\000v\000\371\000n\000g}{subsection.4.4}% 115
\BOOKMARK [3][-]{subsubsection.4.4.3}{\376\377\000M\036\337\000\040\000r\036\331\000n\000g\000\040\000v\000\371\000n\000g\000\040\000t\000h\000e\000o\000\040\000c\036\245\000u\000\040\000t\000r\000\372\000c\000\040\000m\036\241\000n\000g\000\040\000l\001\260\036\333\000i}{subsection.4.4}% 116
\BOOKMARK [3][-]{subsubsection.4.4.4}{\376\377\000L\036\315\000c\000\040\000v\000\371\000n\000g\000\040\000t\000h\000e\000o\000\040\000b\000\341\000n\000\040\000k\000\355\000n\000h\000\040\000k\000h\000\364\000n\000g\000\040\000g\000i\000a\000n}{subsection.4.4}% 117
\BOOKMARK [3][-]{subsubsection.4.4.5}{\376\377\000V\000\371\000n\000g\000\040\000g\000i\000a\000o\000\040\000t\000h\000\364\000n\000g\000\040\000c\000h\036\351\000c\000\040\000n\001\003\000n\000g}{subsection.4.4}% 118
\BOOKMARK [2][-]{subsection.4.5}{\376\377\000K\000h\000a\000i\000\040\000t\000h\000\341\000c\000\040\000t\001\260\001\241\000n\000g\000\040\000q\000u\000a\000n\000\040\000g\000i\000a\000o\000\040\000t\000h\000\364\000n\000g\000\040\000v\000\340\000\040\000x\000\341\000c\000\040\001\021\036\313\000n\000h\000\040\000t\000u\000y\036\277\000n\000\040\000m\036\345\000c\000\040\000t\000i\000\352\000u}{subsubsection.4.2.5}% 119
\BOOKMARK [3][-]{subsubsection.4.5.1}{\376\377\000T\001\260\001\241\000n\000g\000\040\000q\000u\000a\000n\000\040\000c\000h\000\351\000o\000\040\000c\000\363\000\040\001\021\036\331\000\040\000t\000r\036\305\000\040\000t\000r\000o\000n\000g\000\040\000v\000\371\000n\000g\000\040\000g\000i\000a\000o\000\040\000t\000h\000\364\000n\000g}{subsection.4.5}% 120
\BOOKMARK [3][-]{subsubsection.4.5.2}{\376\377\000L\036\315\000c\000\040\000l\000i\000\352\000n\000\040\000k\036\277\000t\000\040\000t\001\260\001\241\000n\000g\000\040\000q\000u\000a\000n\000\040\000t\000h\000e\000o\000\040\000t\000i\000\352\000u\000\040\000c\000h\000\355\000\040\000t\000h\036\321\000n\000g\000\040\000k\000\352\000\040\000v\000\340\000\040\000k\000h\000\364\000n\000g\000\040\000g\000i\000a\000n}{subsection.4.5}% 121
\BOOKMARK [3][-]{subsubsection.4.5.3}{\376\377\000X\000\341\000c\000\040\001\021\036\313\000n\000h\000\040\000t\036\255\000p\000\040\000t\000u\000y\036\277\000n\000\040\000m\036\345\000c\000\040\000t\000i\000\352\000u}{subsection.4.5}% 122
\BOOKMARK [2][-]{subsection.4.6}{\376\377\000B\000i\036\303\000u\000\040\000d\000i\036\305\000n\000\040\000k\000h\000\364\000n\000g\000\040\000g\000i\000a\000n\000\040\000b\036\261\000n\000g\000\040\000L\000a\000p\000l\000a\000c\000i\000a\000n\000\040\000P\000o\000s\000i\000t\000i\000o\000n\000a\000l\000\040\000E\000n\000c\000o\000d\000i\000n\000g}{subsubsection.4.2.5}% 123
\BOOKMARK [3][-]{subsubsection.4.6.1}{\376\377\000X\000\342\000y\000\040\000d\036\361\000n\000g\000\040\001\021\036\323\000\040\000t\000h\036\313\000\040\000k\000h\000\364\000n\000g\000\040\000g\000i\000a\000n\000\040\000t\000r\000o\000n\000g\000\040\000v\000\371\000n\000g\000\040\000g\000i\000a\000o\000\040\000t\000h\000\364\000n\000g}{subsection.4.6}% 124
\BOOKMARK [3][-]{subsubsection.4.6.2}{\376\377\000L\000a\000p\000l\000a\000c\000i\000a\000n\000\040\000v\000\340\000\040\000p\000h\000\342\000n\000\040\000r\000\343\000\040\000p\000h\036\325}{subsection.4.6}% 125
\BOOKMARK [3][-]{subsubsection.4.6.3}{\376\377\000\335\000\040\000n\000g\000h\001\051\000a\000\040\000c\036\347\000a\000\040\000e\000i\000g\000e\000n\000v\000e\000c\000t\000o\000r\000\040\000b\036\255\000c\000\040\000t\000h\036\245\000p\000\040\000t\000r\000o\000n\000g\000\040\000b\036\321\000i\000\040\000c\036\243\000n\000h\000\040\000g\000i\000a\000o\000\040\000t\000h\000\364\000n\000g}{subsection.4.6}% 126
\BOOKMARK [3][-]{subsubsection.4.6.4}{\376\377\000T\000\355\000c\000h\000\040\000h\036\343\000p\000\040\000L\000a\000p\000l\000a\000c\000i\000a\000n\000\040\000P\000o\000s\000i\000t\000i\000o\000n\000a\000l\000\040\000E\000n\000c\000o\000d\000i\000n\000g\000\040\000v\000\340\000o\000\040\000T\000r\000a\000n\000s\000f\000o\000r\000m\000e\000r}{subsection.4.6}% 127
\BOOKMARK [2][-]{subsection.4.7}{\376\377\000B\000i\036\303\000u\000\040\000d\000i\036\305\000n\000\040\000t\000h\036\335\000i\000\040\000g\000i\000a\000n\000\040\000b\036\261\000n\000g\000\040\000T\000e\000m\000p\000o\000r\000a\000l\000\040\000E\000n\000c\000o\000d\000i\000n\000g}{subsubsection.4.2.5}% 128
\BOOKMARK [3][-]{subsubsection.4.7.1}{\376\377\000M\000\343\000\040\000h\000\363\000a\000\040\000v\036\313\000\040\000t\000r\000\355\000\040\000t\001\260\001\241\000n\000g\000\040\001\021\036\321\000i\000\040\000t\000h\000e\000o\000\040\000b\001\260\036\333\000c\000\040\000t\000h\036\335\000i\000\040\000g\000i\000a\000n}{subsection.4.7}% 129
\BOOKMARK [3][-]{subsubsection.4.7.2}{\376\377\000M\000\343\000\040\000h\000\363\000a\000\040\000c\000h\000u\000\040\000k\036\363\000\040\000t\000h\000e\000o\000\040\000t\000h\036\335\000i\000\040\001\021\000i\036\303\000m\000\040\000t\000r\000o\000n\000g\000\040\000n\000g\000\340\000y\000\040\000v\000\340\000\040\000n\000g\000\340\000y\000\040\000t\000r\000o\000n\000g\000\040\000t\000u\036\247\000n}{subsection.4.7}% 130
\BOOKMARK [3][-]{subsubsection.4.7.3}{\376\377\000K\036\277\000t\000\040\000h\036\343\000p\000\040\000T\000e\000m\000p\000o\000r\000a\000l\000\040\000E\000n\000c\000o\000d\000i\000n\000g\000\040\000v\000\340\000o\000\040\000e\000m\000b\000e\000d\000d\000i\000n\000g\000\040\001\021\036\247\000u\000\040\000v\000\340\000o}{subsection.4.7}% 131
\BOOKMARK [1][-]{section.5}{\376\377\000K\000i\036\277\000n\000\040\000t\000r\000\372\000c\000\040\000m\000\364\000\040\000h\000\354\000n\000h}{subsubsubsection.4.2.4.5}% 132
\BOOKMARK [2][-]{subsection.5.1}{\376\377\001\020\036\247\000u\000\040\000v\000\340\000o\000\040\000c\036\347\000a\000\040\000m\000\364\000\040\000h\000\354\000n\000h}{section.5}% 133
\BOOKMARK [2][-]{subsection.5.2}{\376\377\000A\000t\000t\000e\000n\000t\000i\000o\000n\000\040\000s\000c\000o\000r\000e\000\040\000b\000i\000a\000s\000\040\000t\000r\000o\000n\000g\000\040\000T\000r\000a\000n\000s\000f\000o\000r\000m\000e\000r}{section.5}% 134
\BOOKMARK [2][-]{subsection.5.3}{\376\377\000T\000r\000a\000n\000s\000f\000o\000r\000m\000e\000r\000\040\000e\000n\000c\000o\000d\000e\000r\000-\000o\000n\000l\000y\000\040\000t\000h\000e\000o\000\040\000p\000h\000o\000n\000g\000\040\000c\000\341\000c\000h\000\040\000B\000E\000R\000T}{section.5}% 135
\BOOKMARK [2][-]{subsection.5.4}{\376\377\000L\036\333\000p\000\040\000d\036\361\000\040\001\021\000o\000\341\000n\000\040\000M\000L\000P}{section.5}% 136
\BOOKMARK [1][-]{section.6}{\376\377\000K\036\277\000t\000\040\000q\000u\036\243\000\040\000t\000h\036\361\000c\000\040\000n\000g\000h\000i\036\307\000m\000\040\000v\000\340\000\040\001\021\000\341\000n\000h\000\040\000g\000i\000\341}{subsubsubsection.4.2.4.5}% 137
\BOOKMARK [2][-]{subsection.6.1}{\376\377\000T\000h\000i\036\277\000t\000\040\000l\036\255\000p\000\040\000b\000\340\000i\000\040\000t\000o\000\341\000n\000\040\000v\000\340\000\040\000t\000i\000\352\000u\000\040\000c\000h\000\355\000\040\001\021\000\341\000n\000h\000\040\000g\000i\000\341}{section.6}% 138
\BOOKMARK [2][-]{subsection.6.2}{\376\377\000Q\000u\000\341\000\040\000t\000r\000\354\000n\000h\000\040\000h\000u\036\245\000n\000\040\000l\000u\000y\036\307\000n\000\040\000v\000\340\000\040\000h\036\331\000i\000\040\000t\036\345}{section.6}% 139
\BOOKMARK [2][-]{subsection.6.3}{\376\377\001\020\000\341\000n\000h\000\040\000g\000i\000\341\000\040\001\021\036\313\000n\000h\000\040\000l\001\260\036\343\000n\000g\000\040\000t\000r\000\352\000n\000\040\000t\036\255\000p\000\040\000k\000i\036\303\000m\000\040\000t\000r\000a}{section.6}% 140
\BOOKMARK [2][-]{subsection.6.4}{\376\377\000P\000h\000\342\000n\000\040\000t\000\355\000c\000h\000\040\001\021\001\260\036\335\000n\000g\000\040\000c\000o\000n\000g\000\040\000P\000R\000\040\000v\000\340\000\040\000R\000O\000C}{section.6}% 141
\BOOKMARK [2][-]{subsection.6.5}{\376\377\000P\000h\000\342\000n\000\040\000t\000\355\000c\000h\000\040\000m\000a\000\040\000t\000r\036\255\000n\000\040\000n\000h\036\247\000m\000\040\000l\036\253\000n}{section.6}% 142
\BOOKMARK [2][-]{subsection.6.6}{\376\377\000M\036\331\000t\000\040\000s\036\321\000\040\000s\036\321\000\040\000l\000i\036\307\000u\000\040\000p\000h\036\243\000n\000\040\000\341\000n\000h\000\040\000k\000h\036\243\000\040\000n\001\003\000n\000g\000\040\000h\036\315\000c\000\040\000v\000\340\000\040\000d\036\361\000\040\001\021\000o\000\341\000n\000\040\000c\036\347\000a\000\040\000m\000\364\000\040\000h\000\354\000n\000h\000\040\000s\000a\000u\000\040\0003\0000\000\040\000p\000h\000\372\000t}{section.6}% 143
\BOOKMARK [2][-]{subsection.6.7}{\376\377\000T\000h\036\243\000o\000\040\000l\000u\036\255\000n}{section.6}% 144
\BOOKMARK [1][-]{section.7}{\376\377\000H\036\307\000\040\000t\000h\036\321\000n\000g\000\040\001\021\036\301\000\040\000x\000u\036\245\000t}{subsubsubsection.4.2.4.5}% 145
\BOOKMARK [2][-]{subsection.7.1}{\376\377\000M\000\364\000\040\000t\036\243\000\040\000h\036\307\000\040\000t\000h\036\321\000n\000g}{section.7}% 146
\BOOKMARK [3][-]{subsubsection.7.1.1}{\376\377\000M\036\345\000c\000\040\001\021\000\355\000c\000h\000\040\000c\036\347\000a\000\040\000h\036\307\000\040\000t\000h\036\321\000n\000g}{subsection.7.1}% 147
\BOOKMARK [3][-]{subsubsection.7.1.2}{\376\377\000N\000h\000\363\000m\000\040\000n\000g\001\260\036\335\000i\000\040\000d\000\371\000n\000g\000\040\000m\036\345\000c\000\040\000t\000i\000\352\000u}{subsection.7.1}% 148
\BOOKMARK [3][-]{subsubsection.7.1.3}{\376\377\000T\036\325\000n\000g\000\040\000q\000u\000a\000n}{subsection.7.1}% 149
\BOOKMARK [2][-]{subsection.7.2}{\376\377\000Y\000\352\000u\000\040\000c\036\247\000u}{section.7}% 150
\BOOKMARK [3][-]{subsubsection.7.2.1}{\376\377\000Y\000\352\000u\000\040\000c\036\247\000u\000\040\000c\000h\036\351\000c\000\040\000n\001\003\000n\000g}{subsection.7.2}% 151
\BOOKMARK [3][-]{subsubsection.7.2.2}{\376\377\000Y\000\352\000u\000\040\000c\036\247\000u\000\040\000p\000h\000i\000\040\000c\000h\036\351\000c\000\040\000n\001\003\000n\000g}{subsection.7.2}% 152
\BOOKMARK [3][-]{subsubsection.7.2.3}{\376\377\000Y\000\352\000u\000\040\000c\036\247\000u\000\040\000d\036\357\000\040\000l\000i\036\307\000u}{subsection.7.2}% 153
\BOOKMARK [0][-]{subsubsubsection.7.2.3.1}{\376\377\000L\000o\036\241\000i\000\040\000d\036\357\000\040\000l\000i\036\307\000u\000\040\000c\036\247\000n\000\040\000t\000h\000u\000\040\000t\000h\036\255\000p}{}% 154
\BOOKMARK [0][-]{subsubsubsection.7.2.3.2}{\376\377\000Y\000\352\000u\000\040\000c\036\247\000u\000\040\000v\036\301\000\040\001\021\036\313\000n\000h\000\040\000d\036\241\000n\000g\000\040\000v\000\340\000\040\000l\001\260\000u\000\040\000t\000r\036\357\000\040\000d\036\357\000\040\000l\000i\036\307\000u}{}% 155
\BOOKMARK [0][-]{subsubsubsection.7.2.3.3}{\376\377\000Y\000\352\000u\000\040\000c\036\247\000u\000\040\000v\036\301\000\040\000c\000h\036\245\000t\000\040\000l\001\260\036\343\000n\000g\000\040\000d\036\357\000\040\000l\000i\036\307\000u}{}% 156
\BOOKMARK [0][-]{subsubsubsection.7.2.3.4}{\376\377\000Y\000\352\000u\000\040\000c\036\247\000u\000\040\000v\036\301\000\040\000c\036\255\000p\000\040\000n\000h\036\255\000t\000\040\000d\036\357\000\040\000l\000i\036\307\000u}{}% 157
\BOOKMARK [1][-]{section.8}{\376\377\000P\000h\000\342\000n\000\040\000t\000\355\000c\000h\000\040\000\046\000\040\000T\000h\000i\036\277\000t\000\040\000k\036\277\000\040\000h\036\307\000\040\000t\000h\036\321\000n\000g}{subsubsubsection.7.2.3.4}% 158
\BOOKMARK [2][-]{subsection.8.1}{\376\377\000K\000i\036\277\000n\000\040\000t\000r\000\372\000c\000\040\000t\036\325\000n\000g\000\040\000t\000h\036\303\000\040\000h\036\307\000\040\000t\000h\036\321\000n\000g}{section.8}% 159
\BOOKMARK [2][-]{subsection.8.2}{\376\377\000T\036\247\000n\000g\000\040\000t\000h\000u\000\040\000t\000h\036\255\000p\000\040\000d\036\357\000\040\000l\000i\036\307\000u\000\040\000\050\000T\000r\000a\000f\000f\000i\000c\000\040\000D\000a\000t\000a\000\040\000S\000o\000u\000r\000c\000e\000s\000\051}{section.8}% 160
\BOOKMARK [2][-]{subsection.8.3}{\376\377\000T\036\247\000n\000g\000\040\000x\036\355\000\040\000l\000\375\000\040\000l\000u\036\323\000n\000g\000\040\000\050\000K\000a\000p\000p\000a\000\040\000A\000r\000c\000h\000i\000t\000e\000c\000t\000u\000r\000e\000\040\040\023\000\040\000S\000t\000r\000e\000a\000m\000\040\000\040\000P\000r\000o\000c\000e\000s\000s\000i\000n\000g\000\040\000E\000n\000g\000i\000n\000e\000\051}{section.8}% 161
\BOOKMARK [3][-]{subsubsection.8.3.1}{\376\377\000D\000a\000t\000a\000\040\000I\000n\000g\000e\000s\000t\000i\000o\000n\000\040\000L\000a\000y\000e\000r}{subsection.8.3}% 162
\BOOKMARK [3][-]{subsubsection.8.3.2}{\376\377\000S\000t\000r\000e\000a\000m\000\040\000C\000o\000n\000s\000u\000m\000e\000r\000\040\000\046\000\040\000D\000a\000t\000a\000\040\000V\000a\000l\000i\000d\000a\000t\000i\000o\000n}{subsection.8.3}% 163
\BOOKMARK [3][-]{subsubsection.8.3.3}{\376\377\000R\000o\000a\000d\000\040\000T\000o\000p\000o\000l\000o\000g\000y\000\040\000B\000u\000i\000l\000d\000e\000r\000\040\000\050\000O\000S\000M\000\051\000\040\000\046\000\040\000M\000a\000p\000\040\000M\000a\000t\000c\000h\000e\000r}{subsection.8.3}% 164
\BOOKMARK [3][-]{subsubsection.8.3.4}{\376\377\000F\000e\000a\000t\000u\000r\000e\000\040\000E\000n\000g\000i\000n\000e\000e\000r\000i\000n\000g}{subsection.8.3}% 165
\BOOKMARK [3][-]{subsubsection.8.3.5}{\376\377\000B\000i\000n\000a\000r\000y\000\040\000.\000n\000p\000z\000\040\000F\000o\000r\000m\000a\000t\000t\000e\000r\000\040\000\046\000\040\000T\000i\000m\000e\000-\000S\000e\000r\000i\000e\000s\000\040\000S\000y\000n\000c}{subsection.8.3}% 166
\BOOKMARK [2][-]{subsection.8.4}{\376\377\000T\036\247\000n\000g\000\040\000l\001\260\000u\000\040\000t\000r\036\357\000\040\000l\000a\000i\000\040\000g\000h\000\351\000p\000\040\000\050\000H\000y\000b\000r\000i\000d\000\040\000S\000t\000o\000r\000a\000g\000e\000\040\000S\000y\000s\000t\000e\000m\000\051}{section.8}% 167
\BOOKMARK [3][-]{subsubsection.8.4.1}{\376\377\000O\000b\000j\000e\000c\000t\000\040\000S\000t\000o\000r\000e\000\040\040\023\000\040\000A\000W\000S\000\040\000S\0003\000\040\000\050\000D\000a\000t\000a\000\040\000L\000a\000k\000e\000\051}{subsection.8.4}% 168
\BOOKMARK [3][-]{subsubsection.8.4.2}{\376\377\000F\000a\000s\000t\000\040\000A\000c\000c\000e\000s\000s\000\040\000\046\000\040\000D\000B\000\040\000L\000a\000y\000e\000r}{subsection.8.4}% 169
\BOOKMARK [3][-]{subsubsection.8.4.3}{\376\377\000R\000e\000d\000i\000s\000\040\000C\000a\000c\000h\000e\000\040\000L\000a\000y\000e\000r}{subsection.8.4}% 170
\BOOKMARK [2][-]{subsection.8.5}{\376\377\000T\036\247\000n\000g\000\040\000h\036\315\000c\000\040\000m\000\341\000y\000\040\000k\000h\000\364\000n\000g\000\040\000g\000i\000a\000n\000\040\040\023\000\040\000t\000h\036\335\000i\000\040\000g\000i\000a\000n\000\040\000\050\000S\000p\000a\000t\000i\000o\000-\000T\000e\000m\000p\000o\000r\000a\000l\000\040\000L\000e\000a\000r\000n\000i\000n\000g\000\040\000E\000n\000g\000i\000n\000e\000\051}{section.8}% 171
\BOOKMARK [3][-]{subsubsection.8.5.1}{\376\377\000M\000\364\000\040\000h\000\354\000n\000h\000\040\000T\000-\000G\000C\000N}{subsection.8.5}% 172
\BOOKMARK [3][-]{subsubsection.8.5.2}{\376\377\000C\000o\000r\000r\000e\000l\000a\000t\000i\000o\000n\000\040\000J\000o\000b\000s}{subsection.8.5}% 173
\BOOKMARK [3][-]{subsubsection.8.5.3}{\376\377\000P\000r\000e\000d\000i\000c\000t\000i\000o\000n\000\040\000J\000o\000b\000s}{subsection.8.5}% 174
\BOOKMARK [3][-]{subsubsection.8.5.4}{\376\377\000M\000L\000f\000l\000o\000w\000\040\000E\000x\000p\000e\000r\000i\000m\000e\000n\000t\000\040\000T\000r\000a\000c\000k\000i\000n\000g}{subsection.8.5}% 175
\BOOKMARK [2][-]{subsection.8.6}{\376\377\000T\036\247\000n\000g\000\040\000p\000h\036\345\000c\000\040\000v\036\345\000\040\000\050\000S\000e\000r\000v\000i\000n\000g\000\040\000L\000a\000y\000e\000r\000\051}{section.8}% 176
\BOOKMARK [3][-]{subsubsection.8.6.1}{\376\377\000B\000a\000c\000k\000e\000n\000d\000\040\040\023\000\040\000F\000a\000s\000t\000A\000P\000I}{subsection.8.6}% 177
\BOOKMARK [3][-]{subsubsection.8.6.2}{\376\377\000N\000g\000i\000n\000x\000\040\000/\000\040\000R\000e\000v\000e\000r\000s\000e\000\040\000P\000r\000o\000x\000y}{subsection.8.6}% 178
\BOOKMARK [3][-]{subsubsection.8.6.3}{\376\377\000F\000r\000o\000n\000t\000e\000n\000d\000\040\040\023\000\040\000R\000e\000a\000c\000t\000J\000S\000\040\000\050\000U\000T\000r\000a\000f\000f\000i\000c\000\040\000P\000l\000a\000t\000f\000o\000r\000m\000\051}{subsection.8.6}% 179
\BOOKMARK [2][-]{subsection.8.7}{\376\377\000T\036\247\000n\000g\000\040\000g\000i\000\341\000m\000\040\000s\000\341\000t\000\040\040\023\000\040\000D\000e\000v\000O\000p\000s\000\040\000\050\000M\000o\000n\000i\000t\000o\000r\000i\000n\000g\000\040\000\046\000\040\000E\000x\000p\000e\000r\000i\000m\000e\000n\000t\000a\000t\000i\000o\000n\000\051}{section.8}% 180
\BOOKMARK [2][-]{subsection.8.8}{\376\377\000L\000u\036\323\000n\000g\000\040\000d\036\357\000\040\000l\000i\036\307\000u\000\040\000t\036\325\000n\000g\000\040\000t\000h\036\303}{section.8}% 181
\BOOKMARK [2][-]{subsection.8.9}{\376\377\000T\000h\000i\036\277\000t\000\040\000k\036\277\000\040\000c\001\241\000\040\000s\036\337\000\040\000d\036\357\000\040\000l\000i\036\307\000u}{section.8}% 182
\BOOKMARK [3][-]{subsubsection.8.9.1}{\376\377\000N\000h\000\363\000m\000\040\000b\036\243\000n\000g\000\040\000x\000\341\000c\000\040\000t\000h\036\361\000c\000\040\000n\000g\001\260\036\335\000i\000\040\000d\000\371\000n\000g\000\040\000\050\000A\000u\000t\000h\000e\000n\000t\000i\000c\000a\000t\000i\000o\000n\000\051}{subsection.8.9}% 183
\BOOKMARK [3][-]{subsubsection.8.9.2}{\376\377\000N\000h\000\363\000m\000\040\000b\036\243\000n\000g\000\040\000t\000o\000p\000o\000\040\000h\036\315\000c\000\040\001\021\036\323\000\040\000t\000h\036\313\000\040\001\021\001\260\036\335\000n\000g\000\040\000b\036\331\000\040\000\050\000R\000o\000a\000d\000\040\000G\000r\000a\000p\000h\000\051}{subsection.8.9}% 184
\BOOKMARK [3][-]{subsubsection.8.9.3}{\376\377\000N\000h\000\363\000m\000\040\000b\036\243\000n\000g\000\040\000d\036\357\000\040\000l\000i\036\307\000u\000\040\000g\000i\000a\000o\000\040\000t\000h\000\364\000n\000g\000\040\000\050\000T\000r\000a\000f\000f\000i\000c\000\040\000D\000a\000t\000a\000\051}{subsection.8.9}% 185
\BOOKMARK [3][-]{subsubsection.8.9.4}{\376\377\000N\000h\000\363\000m\000\040\000b\036\243\000n\000g\000\040\000h\036\315\000c\000\040\000m\000\341\000y\000\040\000v\000\340\000\040\000p\000h\000i\000\352\000n\000\040\000b\036\243\000n\000\040\000m\000\364\000\040\000h\000\354\000n\000h\000\040\000\050\000M\000L\000\040\000\046\000\040\000M\000o\000d\000e\000l\000\040\000V\000e\000r\000s\000i\000o\000n\000i\000n\000g\000\051}{subsection.8.9}% 186
\BOOKMARK [3][-]{subsubsection.8.9.5}{\376\377\000N\000h\000\363\000m\000\040\000b\036\243\000n\000g\000\040\000p\000h\000\342\000n\000\040\000t\000\355\000c\000h\000\040\000t\001\260\001\241\000n\000g\000\040\000q\000u\000a\000n\000\040\000\050\000C\000o\000r\000r\000e\000l\000a\000t\000i\000o\000n\000\040\000A\000n\000a\000l\000y\000s\000i\000s\000\051}{subsection.8.9}% 187
\BOOKMARK [3][-]{subsubsection.8.9.6}{\376\377\000C\000h\000i\036\277\000n\000\040\000l\001\260\036\343\000c\000\040\000i\000n\000d\000e\000x\000\040\000v\000\340\000\040\000t\036\321\000i\000\040\001\260\000u\000\040\000h\000\363\000a}{subsection.8.9}% 188
\BOOKMARK [3][-]{subsubsection.8.9.7}{\376\377\000T\000\363\000m\000\040\000t\036\257\000t\000\040\000t\000h\000i\036\277\000t\000\040\000k\036\277\000\040\000c\001\241\000\040\000s\036\337\000\040\000d\036\357\000\040\000l\000i\036\307\000u}{subsection.8.9}% 189
\BOOKMARK [2][-]{subsection.8.10}{\376\377\000T\000h\000i\036\277\000t\000\040\000k\036\277\000\040\000g\000i\000a\000o\000\040\000d\000i\036\307\000n}{section.8}% 190
\BOOKMARK [3][-]{subsubsection.8.10.1}{\376\377\000M\036\345\000c\000\040\000t\000i\000\352\000u\000\040\000t\000h\000i\036\277\000t\000\040\000k\036\277}{subsection.8.10}% 191
\BOOKMARK [3][-]{subsubsection.8.10.2}{\376\377\000T\000r\000a\000n\000g\000\040\000c\000h\036\347}{subsection.8.10}% 192
\BOOKMARK [3][-]{subsubsection.8.10.3}{\376\377\000T\000r\000a\000n\000g\000\040\001\021\001\003\000n\000g\000\040\000n\000h\036\255\000p\000\040\000v\000\340\000\040\001\021\001\003\000n\000g\000\040\000k\000\375}{subsection.8.10}% 193
\BOOKMARK [3][-]{subsubsection.8.10.4}{\376\377\000T\000r\000a\000n\000g\000\040\000d\036\357\000\040\000l\000i\036\307\000u\000\040\000g\000i\000a\000o\000\040\000t\000h\000\364\000n\000g}{subsection.8.10}% 194
\BOOKMARK [3][-]{subsubsection.8.10.5}{\376\377\000T\000r\000a\000n\000g\000\040\000p\000h\000\342\000n\000\040\000t\000\355\000c\000h\000\040\000t\001\260\001\241\000n\000g\000\040\000q\000u\000a\000n}{subsection.8.10}% 195
\BOOKMARK [3][-]{subsubsection.8.10.6}{\376\377\000T\000r\000a\000n\000g\000\040\000d\036\361\000\040\001\021\000o\000\341\000n\000\040\000l\000a\000n\000\040\000t\000r\000u\000y\036\301\000n\000\040\000\371\000n\000\040\000t\036\257\000c}{subsection.8.10}% 196
\BOOKMARK [1][-]{section.9}{\376\377\000T\036\325\000n\000g\000\040\000k\036\277\000t}{subsubsubsection.7.2.3.4}% 197
\BOOKMARK [2][-]{subsection.9.1}{\376\377\000K\036\277\000t\000\040\000q\000u\036\243\000\040\001\021\036\241\000t\000\040\001\021\001\260\036\343\000c}{section.9}% 198
\BOOKMARK [2][-]{subsection.9.2}{\376\377\000H\001\260\036\333\000n\000g\000\040\000p\000h\000\341\000t\000\040\000t\000r\000i\036\303\000n}{section.9}% 199
\BOOKMARK [1][-]{section.10}{\376\377\000P\000h\036\345\000\040\000l\036\345\000c}{subsubsubsection.7.2.3.4}% 200
\BOOKMARK [1][-]{section.10}{\376\377\000P\000H\036\344\000\040\000L\036\344\000C\000\040\000A\000.\000\040\000D\000A\000N\000H\000\040\000M\036\344\000C\000\040\000T\000H\000U\036\254\000T\000\040\000N\000G\036\356\000\040\000V\000\300\000\040\000K\000\335\000\040\000H\000I\036\306\000U}{subsubsubsection.7.2.3.4}% 201
\BOOKMARK [1][-]{section.10}{\376\377\000P\000H\036\344\000\040\000L\036\344\000C\000\040\000B\000.\000\040\000M\000\324\000\040\000T\036\242\000\040\000C\036\244\000U\000\040\000T\000R\000\332\000C\000\040\000D\036\356\000\040\000L\000I\036\306\000U\000\040\000T\000O\000M\000T\000O\000M}{subsubsubsection.7.2.3.4}% 202
\BOOKMARK [1][-]{section.10}{\376\377\000P\000H\036\344\000\040\000L\036\344\000C\000\040\000C\000.\000\040\000S\001\240\000\040\001\020\036\322\000\040\000E\000R\000D\000\040\000\050\000C\000H\000E\000N\000\040\000N\000O\000T\000A\000T\000I\000O\000N\000\051}{subsubsubsection.7.2.3.4}% 203
\BOOKMARK [1][-]{figure.caption.37}{\376\377\000P\000H\036\344\000\040\000L\036\344\000C\000\040\000D\000.\000\040\000D\000A\000N\000H\000\040\000S\000\301\000C\000H\000\040\000U\000S\000E\000\040\000C\000A\000S\000E\000\040\000\040\000\301\000N\000H\000\040\000X\036\240\000\040\000Y\000\312\000U\000\040\000C\036\246\000U}{subsubsubsection.7.2.3.4}% 204
\BOOKMARK [1][-]{figure.caption.37}{\376\377\000P\000H\036\344\000\040\000L\036\344\000C\000\040\000E\000.\000\040\000C\000\324\000N\000G\000\040\000C\036\344\000,\000\040\000T\000H\001\257\000\040\000V\000I\036\306\000N\000\040\000V\000\300\000\040\000C\036\244\000U\000\040\000H\000\314\000N\000H\000\040\000S\036\354\000\040\000D\036\344\000N\000G}{subsubsubsection.7.2.3.4}% 205
